Tests in D:\Projects\Advenro\Advenro\test\unit\controllers:
  - admin.simple.test.js
  - adminBooking.simple.test.js
  - auth.controller.test.js
  - auth.test.js
  - basic.controller.test.js
  - booking.controller.test.js
  - booking.test.js
  - bookingCom.test.js
  - event.test.js
  - eventBooking.simple.test.js
  - eventBooking.test.js
  - flight.test.js
  - hotel.test.js
  - localService.test.js
  - notification.controller.test.js
  - payment.controller.test.js
  - restaurant.simple.test.js
  - restaurant.test.js
  - review.test.js
  - search.controller.test.js
  - settings.controller.test.js
  - tour.test.js
  - user.controller.test.js
  - user.simple.test.js
  - user.test.js
  - userProfile.controller.test.js
Total: 26 tests

Tests in D:\Projects\Advenro\Advenro\test\unit\services:
  - activity.service.test.js
  - backup.service.test.js
  - cache.service.test.js
  - export.service.isolated.test.js
  - export.service.test.js
  - indexService.test.js
  - logging.service.test.js
  - mailer.service.test.js
  - payment.service.test.js
  - userProfile.service.test.js
  - websocket.service.test.js
Total: 11 tests

Tests in D:\Projects\Advenro\Advenro\test\unit\middleware:
  - admin.simple.test.js
  - async.test.js
  - auth.simple.test.js
  - auth.test.js
  - cache.test.js
  - error.simple.test.js
  - userValidation.test.js
  - validation.test.js
  - validator.test.js
Total: 9 tests

Tests in D:\Projects\Advenro\Advenro\test\integration:
  - auth.test.js
Total: 1 tests

Summary:
Controllers: 26 tests
Services: 11 tests
Middleware: 9 tests
Integration: 1 tests
Total: 47 tests

Controller Coverage:
Γ£à User Profile Controller (userProfile.controller.test.js)
Γ£à Search Controller (search.controller.test.js)
Γ£à Payment Controller (payment.controller.test.js)
Γ£à Notification Controller (notification.controller.test.js)
Γ£à Settings Controller (settings.controller.test.js)
Γ¥î Activity Controller

Service Coverage:
Γ£à Index Service (indexService.test.js)
